(Ast.Prog
   [(Ast.Fun (Ast.INT_T, (Ast.ParamLst []), (Ast.Ident "main"),
       (Ast.Block [])));
     (Ast.Fun (Ast.INT_T, (Ast.ParamLst []), (Ast.Ident "func"),
        (Ast.Block [])));
     (Ast.Fun (Ast.INT_T, (Ast.ParamLst []), (Ast.Ident "ImaFunction"),
        (Ast.Block [])))
     ])